-- @description Input tests for linear regression, grouping and hetero
-- @madlib-param tbl_output = "__madlib_temp_40418089_1365619947_6556506__"
-- @madlib-param g = "'g1'"
-- @madlib-param dataset = "lin_ornstein_group"
-- @madlib-param y = "NULL"
-- @madlib-param x = "'x'"
          drop table if exists __madlib_temp_40418089_1365619947_6556506__;
DROP TABLE
          select madlib.robust_variance_linregr(
              'madlibtestdata.lin_ornstein_group_wi',
              '__madlib_temp_40418089_1365619947_6556506__', 
              NULL, 'x', 'g1');
psql:/Users/wellom1/tinc/tincrepo/madlib/tests/robust_linregr/sql_RobustLinregrGroupInputTestCase/test_robust_linregr_group_input_test_2.sql:13: ERROR:  Invalid dependent variable name given.
CONTEXT:  SQL statement "SELECT  madlib.robust_input_checking( $1 ,  $2 ,  $3 ,  $4 ,  $5 )"
PL/pgSQL function "robust_variance_linregr" line 22 at perform
          
