-- @description This is for input tests of linear robust regression 
-- @madlib-param tbl_output = "__madlib_temp_40418089_1365619947_6556506__"
-- @madlib-param dataset = "lin_auto_mpg"
-- @madlib-param y = "'y'"
-- @madlib-param x = "NULL"
          select madlib.robust_variance(
              'madlibtestdata.lin_auto_mpg_wi',
              '__madlib_temp_40418089_1365619947_6556506__', 'linear',
              'y', NULL);
psql:/Users/sridhs3/workspace/test_utils/tinc/tincrepo/madlib/tests/robust_linregr/sql_RobustLinregrDefaultInputTestCase/test_robust_default_linregr_input_test_5.sql:11: ERROR:  Invalid dependent variable name given.
CONTEXT:  SQL statement "SELECT  madlib.robust_variance(  $1 ,  $2 ,  $3 ,  $4 ,  $5 , NULL)"
PL/pgSQL function "robust_variance" line 2 at perform
          drop table if exists __madlib_temp_40418089_1365619947_6556506__;
psql:/Users/sridhs3/workspace/test_utils/tinc/tincrepo/madlib/tests/robust_linregr/sql_RobustLinregrDefaultInputTestCase/test_robust_default_linregr_input_test_5.sql:12: NOTICE:  table "__madlib_temp_40418089_1365619947_6556506__" does not exist, skipping
DROP TABLE
          
