-- @description This is for input tests of linear robust regression 
-- @madlib-param tbl_output = "__madlib_temp_40418089_1365619947_6556506__"
-- @madlib-param dataset = "lin_auto_mpg"
-- @madlib-param y = "'y'"
-- @madlib-param x = "NULL"
          drop table if exists __madlib_temp_40418089_1365619947_6556506__;
psql:/Users/wellom1/tinc/tincrepo/madlib/tests/robust_linregr/sql_RobustLinregrInputTestCase/test_robust_linregr_input_test_5.sql:8: NOTICE:  table "__madlib_temp_40418089_1365619947_6556506__" does not exist, skipping
DROP TABLE
          select madlib.robust_variance_linregr(
              'madlibtestdata.lin_auto_mpg_wi',
              '__madlib_temp_40418089_1365619947_6556506__', 
              'y', NULL);
psql:/Users/wellom1/tinc/tincrepo/madlib/tests/robust_linregr/sql_RobustLinregrInputTestCase/test_robust_linregr_input_test_5.sql:12: ERROR:  Invalid independent variable name given.
CONTEXT:  SQL statement "SELECT  madlib.robust_input_checking( $1 ,  $2 ,  $3 ,  $4 ,  $5 )"
PL/pgSQL function "robust_variance_linregr" line 22 at perform
SQL statement "SELECT  madlib.robust_variance_linregr(  $1 ,  $2 ,  $3 ,  $4 , NULL)"
PL/pgSQL function "robust_variance_linregr" line 2 at perform
          
