-- @description This is for input tests of dense matrix (array format) transposition.
-- @madlib-param matrix_in = "'non_existing_input_table'"
-- @madlib-param matrix_out = "'__madlib_temp_40418089_1365619947_6556506__'"
-- @madlib-param use_temp_table = "true"
        set client_min_messages to error;
SET
        select madlib.matrix_trans(
            'non_existing_input_table', 
            '__madlib_temp_40418089_1365619947_6556506__',
            true);
psql:/Users/qianh1/workspace/madlib_testsuite/tests/Matrix/sql_MatrixArrayTransInputTestCase/test_matrix_array_trans3.sql:12: ERROR:  plpy.Error: the input table doesn't exist (plpython.c:4648)
CONTEXT:  Traceback (most recent call last):
  PL/Python function "matrix_trans", line 26, in <module>
    matrix_in, in_row, in_col, in_val, matrix_out, use_temp_table)
  PL/Python function "matrix_trans", line 206, in matrix_trans
  PL/Python function "matrix_trans", line 233, in __matrix_trans_dense
  PL/Python function "matrix_trans", line 43, in __validate_dense
  PL/Python function "matrix_trans", line 20, in __assert
PL/Python function "matrix_trans"
      
