-- @description This is for input tests of matrix_block_mult.
-- @madlib-param matrix_b = "'madlibtestdata.matrix_block_100_100'"
-- @madlib-param matrix_a = "'madlibtestdata.matrix_block_100_100'"
-- @madlib-param matrix_r = "NULL"
        set client_min_messages to error;
SET
        select madlib.matrix_block_mult(
            'madlibtestdata.matrix_block_100_100', 'madlibtestdata.matrix_block_100_100', NULL);
psql:/Users/qianh1/workspace/madlib_testsuite/tests/Matrix/sql_MatrixBlockInputTestCase3/test_matrix_block_input3_7.sql:10: ERROR:  plpy.Error: invalid output table (plpython.c:4648)
CONTEXT:  Traceback (most recent call last):
  PL/Python function "matrix_block_mult", line 26, in <module>
    matrix_a, matrix_b, matrix_r)
  PL/Python function "matrix_block_mult", line 456, in matrix_block_mult
  PL/Python function "matrix_block_mult", line 30, in __validate_output_table
  PL/Python function "matrix_block_mult", line 20, in __assert
PL/Python function "matrix_block_mult"
      
