-- @description This is for input tests of matrix_densify.
-- @madlib-param matrix_in = "''"
-- @madlib-param matrix_out = "'__madlib_temp_40418089_1365619947_6556506__'"
-- @madlib-param use_temp_table = "true"
-- @madlib-param col_id = "'col_id'"
-- @madlib-param value = "'value'"
-- @madlib-param row_id = "'row_id'"
        set client_min_messages to error;
SET
        select madlib.matrix_densify(
            '', 'row_id', 'col_id', 'value', '__madlib_temp_40418089_1365619947_6556506__',
            true);
psql:/Users/qianh1/workspace/madlib_testsuite/tests/Matrix/sql_MatrixSparseInputTestCase3/test_matrix_sparse_input3_2.sql:14: ERROR:  plpy.Error: the input table doesn't exist (plpython.c:4648)
CONTEXT:  Traceback (most recent call last):
  PL/Python function "matrix_densify", line 26, in <module>
    matrix_in, in_row, in_col, in_val, matrix_out, use_temp_table)
  PL/Python function "matrix_densify", line 136, in matrix_densify
  PL/Python function "matrix_densify", line 33, in __validate_sparse
  PL/Python function "matrix_densify", line 20, in __assert
PL/Python function "matrix_densify"
      
