\encoding unicode
-- @madlib-param tbl_output = "__madlib_temp_40418089_1365619947_6556506__"
-- @madlib-param hetero = "FALSE"
-- @madlib-param dataset = "lin_auto_mpg_oi"
-- @madlib-param y = "-1"
-- @madlib-param x = "NULL"
          select madlib.linregr_train(
              'madlibtestdata.lin_auto_mpg_oi',
              '__madlib_temp_40418089_1365619947_6556506__',
              '-1', 'NULL',
              NULL,
              FALSE);
 linregr_train 
---------------
 
(1 row)

          select coef from __madlib_temp_40418089_1365619947_6556506__;
 coef 
------
 {}
(1 row)

          drop table if exists __madlib_temp_40418089_1365619947_6556506__;
DROP TABLE
          
