-- @description This is for input tests of linear regression with heteroskedasticity
-- @madlib-param status = "wrong_type_name"
-- @madlib-param tbl_output = "__madlib_temp_40418089_1365619947_6556506__"
-- @madlib-param dataset = "cox_rossi"
-- @madlib-param y = "'y'"
-- @madlib-param x = "'x'"
          select madlib.cox_prop_hazards(
              'madlibtestdata.cox_rossi',
              '__madlib_temp_40418089_1365619947_6556506__',
              'y', 
              'x',
              wrong_type_name);
psql:/Users/qianh1/workspace/tinc/tincrepo/madlib/tests/cox_proportional_hazards/sql_CoxPropHazardsInputTestCase/test_cox_prop_hazards_input_test_1.sql:14: ERROR:  column "wrong_type_name" does not exist
LINE 6:               wrong_type_name);
                      ^
          drop table if exists __madlib_temp_40418089_1365619947_6556506__;
psql:/Users/qianh1/workspace/tinc/tincrepo/madlib/tests/cox_proportional_hazards/sql_CoxPropHazardsInputTestCase/test_cox_prop_hazards_input_test_1.sql:15: NOTICE:  table "__madlib_temp_40418089_1365619947_6556506__" does not exist, skipping
DROP TABLE
          
