-- @description This is for input tests of multinomial logistic regression.
-- @madlib-param optimizer = "'irls'"
-- @madlib-param dataset = "'madlibtestdata.mlogr_pokerhand'"
-- @madlib-param depvar = "'y'"
-- @madlib-param indepvar = "'x'"
        set client_min_messages to error;
SET
        select * from madlib.mlogregr(
            'madlibtestdata.mlogr_pokerhand',
            'y', 
            'x', 
            0,
            'irls', 
            0.0001,
            0);
psql:/Users/yangs16/dev/tinc_framework/tinc/tincrepo/madlib/tests/MLogRegr/sql_MlogregrInputTestCase/test_mlogregr11.sql:16: ERROR:  Number of max iterations must be positive
        
