-- @description This is for input tests of linear regression with heteroskedasticity
-- @madlib-param tbl_output = "__madlib_temp_40418089_1365619947_6556506__"
-- @madlib-param hetero = "NULL"
-- @madlib-param dataset = "lin_auto_mpg"
-- @madlib-param y = "'y'"
-- @madlib-param x = "'x'"
          drop table if exists __madlib_temp_40418089_1365619947_6556506__;
psql:/Users/sridhs3/workspace/test_utils/tinc/tincrepo/madlib/tests/linregr/sql_LinregrInputTestCase/test_linregr_input_test_8.sql:9: NOTICE:  table "__madlib_temp_40418089_1365619947_6556506__" does not exist, skipping
DROP TABLE
          select madlib.linregr_train(
              'madlibtestdata.lin_auto_mpg_wi',
              '__madlib_temp_40418089_1365619947_6556506__',
              'y', 'x',
              NULL,
              NULL);
 linregr_train 
---------------
 
(1 row)

          
