-- @description Input tests for linear regression, grouping and hetero
-- @madlib-param tbl_output = "__madlib_temp_40418089_1365619947_6556506__"
-- @madlib-param g = "'g1'"
-- @madlib-param hetero = "TRUE"
-- @madlib-param dataset = "lin_ornstein_group"
-- @madlib-param y = "'y'"
-- @madlib-param x = "'wrong_col_name'"
          drop table if exists __madlib_temp_40418089_1365619947_6556506__;
psql:/Users/sridhs3/workspace/test_utils/tinc/tincrepo/madlib/tests/linregr/sql_LinregrGroupInputTestCase/test_linregr_group_input_test_7.sql:10: NOTICE:  table "__madlib_temp_40418089_1365619947_6556506__" does not exist, skipping
DROP TABLE
          select madlib.linregr_train(
              'madlibtestdata.lin_ornstein_group_wi',
              '__madlib_temp_40418089_1365619947_6556506__',
              'y', 
              'wrong_col_name', 
              'g1',
              TRUE);
psql:/Users/sridhs3/workspace/test_utils/tinc/tincrepo/madlib/tests/linregr/sql_LinregrGroupInputTestCase/test_linregr_group_input_test_7.sql:17: ERROR:  column "wrong_col_name" does not exist
LINE 6:                     (madlib.linregr(y,wrong_col_name)).*
                                              ^
QUERY:  
            DROP TABLE IF EXISTS __madlib_temp_45472106_1371584248_47554939__;
            CREATE TEMP TABLE __madlib_temp_45472106_1371584248_47554939__ AS
                SELECT
                    g1,
                    (madlib.linregr(y,wrong_col_name)).*
                FROM madlibtestdata.lin_ornstein_group_wi
                GROUP BY g1
CONTEXT:  PL/pgSQL function "linregr_train" line 116 at execute statement
          
