-- @description This is for input tests of linear regression with heteroskedasticity
-- @madlib-param tbl_output = "__madlib_temp_40418089_1365619947_6556506__"
-- @madlib-param hetero = "'wrong_type_name'"
-- @madlib-param dataset = "lin_auto_mpg"
-- @madlib-param y = "'y'"
-- @madlib-param x = "'x'"
          drop table if exists __madlib_temp_40418089_1365619947_6556506__;
DROP TABLE
          select madlib.linregr_train(
              'madlibtestdata.lin_auto_mpg_wi',
              '__madlib_temp_40418089_1365619947_6556506__',
              'y', 'x',
              NULL,
              'wrong_type_name');
psql:/Users/sridhs3/workspace/test_utils/tinc/tincrepo/madlib/tests/linregr/sql_LinregrInputTestCase/test_linregr_input_test_9.sql:15: ERROR:  invalid input syntax for type boolean: "wrong_type_name"
LINE 1: select madlib.linregr_train(
               ^
          
